2026-08-19 16:30:23.542 | INFO     | nw_rag.logging_config:log_system_event:137 - System Event: Application Starting | Details: {"version": "1.0.0", "environment": "development"}
2026-08-19 16:30:23.542 | INFO     | nw_rag.main:lifespan:23 - ============================================================
2026-08-19 16:30:23.542 | INFO     | nw_rag.main:lifespan:24 - Aperture Science RAG API Starting...
2026-08-19 16:30:23.542 | INFO     | nw_rag.main:lifespan:25 - ============================================================
2026-08-19 16:30:36.077 | INFO     | nw_rag.logging_config:log_system_event:137 - System Event: Application Shutting Down | Details: {}
2026-08-19 16:30:36.078 | INFO     | nw_rag.main:lifespan:31 - Aperture Science RAG API Shutting Down...
2026-08-19 16:30:36.845 | INFO     | nw_rag.logging_config:log_system_event:137 - System Event: Application Starting | Details: {"version": "1.0.0", "environment": "development"}
2026-08-19 16:30:36.845 | INFO     | nw_rag.main:lifespan:23 - ============================================================
2026-08-19 16:30:36.845 | INFO     | nw_rag.main:lifespan:24 - Aperture Science RAG API Starting...
2026-08-19 16:30:36.845 | INFO     | nw_rag.main:lifespan:25 - ============================================================
2026-08-19 16:30:37.047 | INFO     | nw_rag.logging_config:log_system_event:137 - System Event: Application Shutting Down | Details: {}
2026-08-19 16:30:37.047 | INFO     | nw_rag.main:lifespan:31 - Aperture Science RAG API Shutting Down...
2026-08-19 16:30:37.828 | INFO     | nw_rag.logging_config:log_system_event:137 - System Event: Application Starting | Details: {"version": "1.0.0", "environment": "development"}
2026-08-19 16:30:37.829 | INFO     | nw_rag.main:lifespan:23 - ============================================================
2026-08-19 16:30:37.829 | INFO     | nw_rag.main:lifespan:24 - Aperture Science RAG API Starting...
2026-08-19 16:30:37.829 | INFO     | nw_rag.main:lifespan:25 - ============================================================
2026-08-19 16:31:28.597 | INFO     | nw_rag.logging_config:log_system_event:137 - System Event: Application Shutting Down | Details: {}
2026-08-19 16:31:28.597 | INFO     | nw_rag.main:lifespan:31 - Aperture Science RAG API Shutting Down...
2026-08-19 16:31:29.427 | INFO     | nw_rag.logging_config:log_system_event:137 - System Event: Application Starting | Details: {"version": "1.0.0", "environment": "development"}
2026-08-19 16:31:29.428 | INFO     | nw_rag.main:lifespan:23 - ============================================================
2026-08-19 16:31:29.428 | INFO     | nw_rag.main:lifespan:24 - Aperture Science RAG API Starting...
2026-08-19 16:31:29.428 | INFO     | nw_rag.main:lifespan:25 - ============================================================
2026-08-19 16:31:52.794 | INFO     | nw_rag.logging_config:log_system_event:137 - System Event: Application Shutting Down | Details: {}
2026-08-19 16:31:52.794 | INFO     | nw_rag.main:lifespan:31 - Aperture Science RAG API Shutting Down...
2026-08-19 16:31:53.573 | INFO     | nw_rag.logging_config:log_system_event:137 - System Event: Application Starting | Details: {"version": "1.0.0", "environment": "development"}
2026-08-19 16:31:53.574 | INFO     | nw_rag.main:lifespan:23 - ============================================================
2026-08-19 16:31:53.574 | INFO     | nw_rag.main:lifespan:24 - Aperture Science RAG API Starting...
2026-08-19 16:31:53.574 | INFO     | nw_rag.main:lifespan:25 - ============================================================
2026-08-19 16:32:01.498 | INFO     | nw_rag.logging_config:log_system_event:137 - System Event: Application Shutting Down | Details: {}
2026-08-19 16:32:01.498 | INFO     | nw_rag.main:lifespan:31 - Aperture Science RAG API Shutting Down...
2026-08-19 16:32:43.881 | INFO     | nw_rag.logging_config:log_system_event:139 - System Event: Application Starting | Details: {"version": "1.0.0", "environment": "development"}
2026-08-19 16:32:43.882 | INFO     | nw_rag.main:lifespan:23 - ============================================================
2026-08-19 16:32:43.882 | INFO     | nw_rag.main:lifespan:24 - Aperture Science RAG API Starting...
2026-08-19 16:32:43.882 | INFO     | nw_rag.main:lifespan:25 - ============================================================
2026-08-19 16:32:51.002 | INFO     | nw_rag.logging_config:log_system_event:139 - System Event: Application Shutting Down | Details: {}
2026-08-19 16:32:51.002 | INFO     | nw_rag.main:lifespan:31 - Aperture Science RAG API Shutting Down...
2026-08-19 16:32:51.741 | INFO     | nw_rag.logging_config:log_system_event:139 - System Event: Application Starting | Details: {"version": "1.0.0", "environment": "development"}
2026-08-19 16:32:51.741 | INFO     | nw_rag.main:lifespan:23 - ============================================================
2026-08-19 16:32:51.741 | INFO     | nw_rag.main:lifespan:24 - Aperture Science RAG API Starting...
2026-08-19 16:32:51.742 | INFO     | nw_rag.main:lifespan:25 - ============================================================
2026-08-19 16:32:54.250 | INFO     | nw_rag.logging_config:log_system_event:139 - System Event: Application Shutting Down | Details: {}
2026-08-19 16:32:54.250 | INFO     | nw_rag.main:lifespan:31 - Aperture Science RAG API Shutting Down...
2026-08-19 16:32:55.004 | INFO     | nw_rag.logging_config:log_system_event:138 - System Event: Application Starting | Details: {"version": "1.0.0", "environment": "development"}
2026-08-19 16:32:55.004 | INFO     | nw_rag.main:lifespan:23 - ============================================================
2026-08-19 16:32:55.004 | INFO     | nw_rag.main:lifespan:24 - Aperture Science RAG API Starting...
2026-08-19 16:32:55.004 | INFO     | nw_rag.main:lifespan:25 - ============================================================
2026-08-19 16:34:17.466 | INFO     | nw_rag.logging_config:log_system_event:138 - System Event: Application Shutting Down | Details: {}
2026-08-19 16:34:17.466 | INFO     | nw_rag.main:lifespan:31 - Aperture Science RAG API Shutting Down...
2026-08-19 16:34:18.235 | INFO     | nw_rag.logging_config:log_system_event:138 - System Event: Application Starting | Details: {"version": "1.0.0", "environment": "development"}
2026-08-19 16:34:18.235 | INFO     | nw_rag.main:lifespan:23 - ============================================================
2026-08-19 16:34:18.235 | INFO     | nw_rag.main:lifespan:24 - Aperture Science RAG API Starting...
2026-08-19 16:34:18.235 | INFO     | nw_rag.main:lifespan:25 - ============================================================
2026-08-19 16:34:29.864 | INFO     | nw_rag.logging_config:log_system_event:138 - System Event: Application Shutting Down | Details: {}
2026-08-19 16:34:29.864 | INFO     | nw_rag.main:lifespan:31 - Aperture Science RAG API Shutting Down...
2026-08-19 16:34:30.632 | INFO     | nw_rag.core.retrieval:load_index:108 - Loaded index from ./faiss_index
2026-08-19 16:34:30.643 | INFO     | nw_rag.logging_config:log_system_event:138 - System Event: Application Starting | Details: {"version": "1.0.0", "environment": "development"}
2026-08-19 16:34:30.644 | INFO     | nw_rag.main:lifespan:23 - ============================================================
2026-08-19 16:34:30.644 | INFO     | nw_rag.main:lifespan:24 - Aperture Science RAG API Starting...
2026-08-19 16:34:30.644 | INFO     | nw_rag.main:lifespan:25 - ============================================================
2026-08-19 16:34:39.467 | INFO     | nw_rag.logging_config:log_system_event:138 - System Event: Application Shutting Down | Details: {}
2026-08-19 16:34:39.468 | INFO     | nw_rag.main:lifespan:31 - Aperture Science RAG API Shutting Down...
2026-08-19 16:34:40.259 | INFO     | nw_rag.core.retrieval:load_index:108 - Loaded index from ./faiss_index
2026-08-19 16:34:40.272 | INFO     | nw_rag.logging_config:log_system_event:138 - System Event: Application Starting | Details: {"version": "1.0.0", "environment": "development"}
2026-08-19 16:34:40.272 | INFO     | nw_rag.main:lifespan:23 - ============================================================
2026-08-19 16:34:40.272 | INFO     | nw_rag.main:lifespan:24 - Aperture Science RAG API Starting...
2026-08-19 16:34:40.272 | INFO     | nw_rag.main:lifespan:25 - ============================================================
2026-08-19 16:34:52.710 | INFO     | nw_rag.logging_config:log_system_event:138 - System Event: Application Shutting Down | Details: {}
2026-08-19 16:34:52.710 | INFO     | nw_rag.main:lifespan:31 - Aperture Science RAG API Shutting Down...
2026-08-19 16:34:53.488 | INFO     | nw_rag.core.retrieval:load_index:108 - Loaded index from ./faiss_index
2026-08-19 16:34:53.500 | INFO     | nw_rag.logging_config:log_system_event:138 - System Event: Application Starting | Details: {"version": "1.0.0", "environment": "development"}
2026-08-19 16:34:53.500 | INFO     | nw_rag.main:lifespan:23 - ============================================================
2026-08-19 16:34:53.500 | INFO     | nw_rag.main:lifespan:24 - Aperture Science RAG API Starting...
2026-08-19 16:34:53.500 | INFO     | nw_rag.main:lifespan:25 - ============================================================
2026-08-19 16:35:12.262 | INFO     | nw_rag.logging_config:log_system_event:138 - System Event: Application Shutting Down | Details: {}
2026-08-19 16:35:12.262 | INFO     | nw_rag.main:lifespan:31 - Aperture Science RAG API Shutting Down...
2026-08-19 16:35:12.997 | INFO     | nw_rag.core.retrieval:load_index:108 - Loaded index from ./faiss_index
2026-08-19 16:35:13.009 | INFO     | nw_rag.logging_config:log_system_event:138 - System Event: Application Starting | Details: {"version": "1.0.0", "environment": "development"}
2026-08-19 16:35:13.009 | INFO     | nw_rag.main:lifespan:23 - ============================================================
2026-08-19 16:35:13.009 | INFO     | nw_rag.main:lifespan:24 - Aperture Science RAG API Starting...
2026-08-19 16:35:13.009 | INFO     | nw_rag.main:lifespan:25 - ============================================================
2026-08-19 16:35:23.140 | INFO     | nw_rag.logging_config:log_system_event:138 - System Event: Application Shutting Down | Details: {}
2026-08-19 16:35:23.140 | INFO     | nw_rag.main:lifespan:31 - Aperture Science RAG API Shutting Down...
2026-08-19 16:35:27.422 | INFO     | nw_rag.core.retrieval:load_index:108 - Loaded index from ./faiss_index
2026-08-19 16:35:27.434 | INFO     | nw_rag.logging_config:log_system_event:138 - System Event: Application Starting | Details: {"version": "1.0.0", "environment": "development"}
2026-08-19 16:35:27.434 | INFO     | nw_rag.main:lifespan:23 - ============================================================
2026-08-19 16:35:27.434 | INFO     | nw_rag.main:lifespan:24 - Aperture Science RAG API Starting...
2026-08-19 16:35:27.434 | INFO     | nw_rag.main:lifespan:25 - ============================================================
2026-08-19 16:36:12.173 | INFO     | nw_rag.logging_config:log_system_event:138 - System Event: Application Shutting Down | Details: {}
2026-08-19 16:36:12.173 | INFO     | nw_rag.main:lifespan:31 - Aperture Science RAG API Shutting Down...
2026-08-19 16:36:12.930 | INFO     | nw_rag.core.retrieval:load_index:108 - Loaded index from ./faiss_index
2026-08-19 16:36:12.942 | INFO     | nw_rag.logging_config:log_system_event:138 - System Event: Application Starting | Details: {"version": "1.0.0", "environment": "development"}
2026-08-19 16:36:12.942 | INFO     | nw_rag.main:lifespan:23 - ============================================================
2026-08-19 16:36:12.942 | INFO     | nw_rag.main:lifespan:24 - Aperture Science RAG API Starting...
2026-08-19 16:36:12.942 | INFO     | nw_rag.main:lifespan:25 - ============================================================
2026-08-19 16:36:23.771 | INFO     | nw_rag.logging_config:log_system_event:138 - System Event: Application Shutting Down | Details: {}
2026-08-19 16:36:23.771 | INFO     | nw_rag.main:lifespan:31 - Aperture Science RAG API Shutting Down...
2026-08-19 16:36:27.721 | INFO     | nw_rag.core.retrieval:load_index:108 - Loaded index from ./faiss_index
2026-08-19 16:36:27.733 | INFO     | nw_rag.logging_config:log_system_event:138 - System Event: Application Starting | Details: {"version": "1.0.0", "environment": "development"}
2026-08-19 16:36:27.733 | INFO     | nw_rag.main:lifespan:23 - ============================================================
2026-08-19 16:36:27.734 | INFO     | nw_rag.main:lifespan:24 - Aperture Science RAG API Starting...
2026-08-19 16:36:27.734 | INFO     | nw_rag.main:lifespan:25 - ============================================================
2026-08-19 16:36:33.066 | INFO     | nw_rag.logging_config:log_request:62 - API Request | RequestID: ee2b5b15 | Question: What is the portal gun? | Stream: False
2026-08-19 16:36:33.066 | DEBUG    | nw_rag.api.routes:query_endpoint:58 - RequestID: ee2b5b15 | Client: 127.0.0.1
2026-08-19 16:36:33.066 | DEBUG    | nw_rag.services.rag_engine:query:113 - Processing query | RequestID: e99b389c
2026-08-19 16:36:33.066 | INFO     | nw_rag.logging_config:log_request:62 - API Request | RequestID: e99b389c | Question: What is the portal gun? | Stream: False
2026-08-19 16:36:35.966 | DEBUG    | nw_rag.core.retrieval:retrieve:48 - Retrieved 3 documents for query: What is the portal gun?...
2026-08-19 16:36:35.967 | INFO     | nw_rag.logging_config:log_retrieval:71 - Retrieval | Query: What is the portal gun?... | Results: 3 | Time: 2.900s
2026-08-19 16:36:35.967 | DEBUG    | nw_rag.logging_config:log_retrieval:79 - Retrieval Result 1 | Source: ./docs/02_portal_gun_operation.txt | Score: 0.473 | Content: # Aperture Science Handheld Portal Device (ASHPD) - Operation Manual

## Device Overview
The Apertur...
2026-08-19 16:36:35.967 | DEBUG    | nw_rag.logging_config:log_retrieval:79 - Retrieval Result 2 | Source: ./docs/01_aperture_science_overview.txt | Score: 0.649 | Content: ## Core Technologies
1. **Portal Gun (Aperture Science Handheld Portal Device)**: Creates inter-dime...
2026-08-19 16:36:35.967 | DEBUG    | nw_rag.logging_config:log_retrieval:79 - Retrieval Result 3 | Source: ./docs/09_portal_physics.txt | Score: 0.676 | Content: ### Energy Requirements
- **Formula**: E = m × c² × (1/2 (v²/c²))
- **For Portal Gun**: Requires 1.2...
2026-08-19 16:36:39.700 | INFO     | nw_rag.logging_config:log_generation:89 - Generation | Query: What is the portal gun?... | Response Length: 209 chars | Time: 3.733s | Prompt Tokens: 461 | Completion Tokens: 41
2026-08-19 16:36:39.700 | INFO     | nw_rag.logging_config:log_query_complete:109 - Query Complete | Confidence: 0.473 | Fallback: False | Sources: 3 | Total Time: 6.634s | Retrieval: 2.900s | Generation: 3.733s
2026-08-19 16:36:39.701 | INFO     | nw_rag.logging_config:log_query_complete:109 - Query Complete | Confidence: 0.473 | Fallback: False | Sources: 3 | Total Time: 6.634s | Retrieval: 2.900s | Generation: 3.733s
2026-08-19 16:40:30.572 | INFO     | nw_rag.logging_config:log_system_event:138 - System Event: Application Shutting Down | Details: {}
2026-08-19 16:40:30.572 | INFO     | nw_rag.main:lifespan:31 - Aperture Science RAG API Shutting Down...
2026-08-19 16:40:31.325 | INFO     | nw_rag.core.retrieval:load_index:108 - Loaded index from ./faiss_index
2026-08-19 16:40:31.337 | INFO     | nw_rag.logging_config:log_system_event:138 - System Event: Application Starting | Details: {"version": "1.0.0", "environment": "development"}
2026-08-19 16:40:31.337 | INFO     | nw_rag.main:lifespan:23 - ============================================================
2026-08-19 16:40:31.337 | INFO     | nw_rag.main:lifespan:24 - Aperture Science RAG API Starting...
2026-08-19 16:40:31.337 | INFO     | nw_rag.main:lifespan:25 - ============================================================
2026-08-19 16:40:59.220 | INFO     | nw_rag.logging_config:log_system_event:138 - System Event: Application Shutting Down | Details: {}
2026-08-19 16:40:59.220 | INFO     | nw_rag.main:lifespan:31 - Aperture Science RAG API Shutting Down...
2026-08-19 16:40:59.974 | INFO     | nw_rag.core.retrieval:load_index:108 - Loaded index from ./faiss_index
2026-08-19 16:40:59.986 | INFO     | nw_rag.logging_config:log_system_event:138 - System Event: Application Starting | Details: {"version": "1.0.0", "environment": "development"}
2026-08-19 16:40:59.986 | INFO     | nw_rag.main:lifespan:23 - ============================================================
2026-08-19 16:40:59.986 | INFO     | nw_rag.main:lifespan:24 - Aperture Science RAG API Starting...
2026-08-19 16:40:59.986 | INFO     | nw_rag.main:lifespan:25 - ============================================================
2026-08-19 16:42:14.931 | INFO     | nw_rag.frontend.app:__init__:36 - Connected to RAG API
2026-08-19 16:42:24.091 | INFO     | nw_rag.logging_config:log_request:62 - API Request | RequestID: N/A | Question: How do I handle a weighted storage cube? | Stream: False
2026-08-19 16:42:24.094 | INFO     | nw_rag.logging_config:log_request:62 - API Request | RequestID: 7f1dfaf0 | Question: How do I handle a weighted storage cube? | Stream: False
2026-08-19 16:42:24.094 | DEBUG    | nw_rag.api.routes:query_endpoint:58 - RequestID: 7f1dfaf0 | Client: 127.0.0.1
2026-08-19 16:42:24.094 | DEBUG    | nw_rag.services.rag_engine:query:113 - Processing query | RequestID: 837469f0
2026-08-19 16:42:24.094 | INFO     | nw_rag.logging_config:log_request:62 - API Request | RequestID: 837469f0 | Question: How do I handle a weighted storage cube? | Stream: False
2026-08-19 16:42:27.096 | DEBUG    | nw_rag.core.retrieval:retrieve:48 - Retrieved 3 documents for query: How do I handle a weighted storage cube?...
2026-08-19 16:42:27.096 | INFO     | nw_rag.logging_config:log_retrieval:71 - Retrieval | Query: How do I handle a weighted storage cube?... | Results: 3 | Time: 3.001s
2026-08-19 16:42:27.096 | DEBUG    | nw_rag.logging_config:log_retrieval:79 - Retrieval Result 1 | Source: ./docs/05_weighted_storage_cube.txt | Score: 0.481 | Content: # Aperture Science Weighted Storage Cube: Handling and Usage Guide

## Product Overview
The Weighted...
2026-08-19 16:42:27.096 | DEBUG    | nw_rag.logging_config:log_retrieval:79 - Retrieval Result 2 | Source: ./docs/05_weighted_storage_cube.txt | Score: 0.792 | Content: ## Usage Instructions

### Basic Operation
1. **Lifting**: Use both hands on designated grip points
...
2026-08-19 16:42:27.096 | DEBUG    | nw_rag.logging_config:log_retrieval:79 - Retrieval Result 3 | Source: ./docs/08_test_chamber_construction.txt | Score: 0.816 | Content: ## Special Considerations
- Keep companion cube access points open
- Ensure weight cubes are availab...
2026-08-19 16:42:30.714 | INFO     | nw_rag.logging_config:log_request:62 - API Request | RequestID: N/A | Question: How do I handle a weighted storage cube? | Stream: True
2026-08-19 16:42:31.971 | INFO     | nw_rag.logging_config:log_generation:89 - Generation | Query: How do I handle a weighted storage cube?... | Response Length: 589 chars | Time: 4.875s | Prompt Tokens: 353 | Completion Tokens: 134
2026-08-19 16:42:31.971 | INFO     | nw_rag.logging_config:log_query_complete:109 - Query Complete | Confidence: 0.481 | Fallback: False | Sources: 3 | Total Time: 7.877s | Retrieval: 3.001s | Generation: 4.875s
2026-08-19 16:42:31.972 | INFO     | nw_rag.logging_config:log_query_complete:109 - Query Complete | Confidence: 0.481 | Fallback: False | Sources: 3 | Total Time: 7.877s | Retrieval: 3.001s | Generation: 4.875s
2026-08-19 16:42:31.973 | INFO     | nw_rag.logging_config:log_request:62 - API Request | RequestID: 6f715fb3 | Question: How do I handle a weighted storage cube? | Stream: True
2026-08-19 16:42:31.973 | DEBUG    | nw_rag.api.routes:query_endpoint:58 - RequestID: 6f715fb3 | Client: 127.0.0.1
2026-08-19 16:42:31.973 | INFO     | nw_rag.logging_config:log_query_complete:109 - Query Complete | Confidence: 0.481 | Fallback: False | Sources: 3 | Total Time: 7.877s | Retrieval: 3.001s | Generation: 4.875s
2026-08-19 16:42:31.973 | DEBUG    | nw_rag.services.rag_engine:query:113 - Processing query | RequestID: 9e6a6383
2026-08-19 16:42:31.973 | INFO     | nw_rag.logging_config:log_request:62 - API Request | RequestID: 9e6a6383 | Question: How do I handle a weighted storage cube? | Stream: False
2026-08-19 16:42:32.007 | DEBUG    | nw_rag.core.retrieval:retrieve:48 - Retrieved 3 documents for query: How do I handle a weighted storage cube?...
2026-08-19 16:42:32.007 | INFO     | nw_rag.logging_config:log_retrieval:71 - Retrieval | Query: How do I handle a weighted storage cube?... | Results: 3 | Time: 0.034s
2026-08-19 16:42:32.007 | DEBUG    | nw_rag.logging_config:log_retrieval:79 - Retrieval Result 1 | Source: ./docs/05_weighted_storage_cube.txt | Score: 0.481 | Content: # Aperture Science Weighted Storage Cube: Handling and Usage Guide

## Product Overview
The Weighted...
2026-08-19 16:42:32.008 | DEBUG    | nw_rag.logging_config:log_retrieval:79 - Retrieval Result 2 | Source: ./docs/05_weighted_storage_cube.txt | Score: 0.792 | Content: ## Usage Instructions

### Basic Operation
1. **Lifting**: Use both hands on designated grip points
...
2026-08-19 16:42:32.008 | DEBUG    | nw_rag.logging_config:log_retrieval:79 - Retrieval Result 3 | Source: ./docs/08_test_chamber_construction.txt | Score: 0.816 | Content: ## Special Considerations
- Keep companion cube access points open
- Ensure weight cubes are availab...
2026-08-19 16:42:34.157 | INFO     | nw_rag.logging_config:log_generation:89 - Generation | Query: How do I handle a weighted storage cube?... | Response Length: 563 chars | Time: 2.150s | Prompt Tokens: 353 | Completion Tokens: 119
2026-08-19 16:42:34.158 | INFO     | nw_rag.logging_config:log_query_complete:109 - Query Complete | Confidence: 0.481 | Fallback: False | Sources: 3 | Total Time: 2.185s | Retrieval: 0.034s | Generation: 2.150s
2026-08-19 16:42:34.158 | INFO     | nw_rag.logging_config:log_query_complete:109 - Query Complete | Confidence: 0.481 | Fallback: False | Sources: 3 | Total Time: 2.185s | Retrieval: 0.034s | Generation: 2.150s
2026-08-19 16:42:34.169 | INFO     | nw_rag.logging_config:log_generation:89 - Generation | Query: streaming... | Response Length: 563 chars | Time: 2.150s | Prompt Tokens: 353 | Completion Tokens: 119
2026-08-19 16:42:34.169 | ERROR    | nw_rag.frontend.app:query_api:65 - API error: Expecting value: line 1 column 1 (char 0)
2026-08-19 16:42:34.170 | INFO     | nw_rag.logging_config:log_query_complete:109 - Query Complete | Confidence: 0.000 | Fallback: True | Sources: 0 | Total Time: 0.000s | Retrieval: 0.000s | Generation: 0.000s
2026-08-19 16:42:39.009 | INFO     | nw_rag.logging_config:log_request:62 - API Request | RequestID: N/A | Question: How do I handle a weighted storage cube? | Stream: True
2026-08-19 16:42:39.012 | INFO     | nw_rag.logging_config:log_request:62 - API Request | RequestID: bf5fad3b | Question: How do I handle a weighted storage cube? | Stream: True
2026-08-19 16:42:39.012 | DEBUG    | nw_rag.api.routes:query_endpoint:58 - RequestID: bf5fad3b | Client: 127.0.0.1
2026-08-19 16:42:39.012 | DEBUG    | nw_rag.services.rag_engine:query:113 - Processing query | RequestID: b3f00c7a
2026-08-19 16:42:39.012 | INFO     | nw_rag.logging_config:log_request:62 - API Request | RequestID: b3f00c7a | Question: How do I handle a weighted storage cube? | Stream: False
2026-08-19 16:42:39.037 | DEBUG    | nw_rag.core.retrieval:retrieve:48 - Retrieved 3 documents for query: How do I handle a weighted storage cube?...
2026-08-19 16:42:39.037 | INFO     | nw_rag.logging_config:log_retrieval:71 - Retrieval | Query: How do I handle a weighted storage cube?... | Results: 3 | Time: 0.025s
2026-08-19 16:42:39.037 | DEBUG    | nw_rag.logging_config:log_retrieval:79 - Retrieval Result 1 | Source: ./docs/05_weighted_storage_cube.txt | Score: 0.481 | Content: # Aperture Science Weighted Storage Cube: Handling and Usage Guide

## Product Overview
The Weighted...
2026-08-19 16:42:39.037 | DEBUG    | nw_rag.logging_config:log_retrieval:79 - Retrieval Result 2 | Source: ./docs/05_weighted_storage_cube.txt | Score: 0.792 | Content: ## Usage Instructions

### Basic Operation
1. **Lifting**: Use both hands on designated grip points
...
2026-08-19 16:42:39.037 | DEBUG    | nw_rag.logging_config:log_retrieval:79 - Retrieval Result 3 | Source: ./docs/08_test_chamber_construction.txt | Score: 0.816 | Content: ## Special Considerations
- Keep companion cube access points open
- Ensure weight cubes are availab...
2026-08-19 16:42:41.202 | INFO     | nw_rag.logging_config:log_generation:89 - Generation | Query: How do I handle a weighted storage cube?... | Response Length: 563 chars | Time: 2.165s | Prompt Tokens: 353 | Completion Tokens: 119
2026-08-19 16:42:41.203 | INFO     | nw_rag.logging_config:log_query_complete:109 - Query Complete | Confidence: 0.481 | Fallback: False | Sources: 3 | Total Time: 2.191s | Retrieval: 0.025s | Generation: 2.165s
2026-08-19 16:42:41.203 | INFO     | nw_rag.logging_config:log_query_complete:109 - Query Complete | Confidence: 0.481 | Fallback: False | Sources: 3 | Total Time: 2.191s | Retrieval: 0.025s | Generation: 2.165s
2026-08-19 16:42:41.209 | INFO     | nw_rag.logging_config:log_generation:89 - Generation | Query: streaming... | Response Length: 563 chars | Time: 2.165s | Prompt Tokens: 353 | Completion Tokens: 119
2026-08-19 16:42:41.209 | ERROR    | nw_rag.frontend.app:query_api:65 - API error: Expecting value: line 1 column 1 (char 0)
2026-08-19 16:42:41.210 | INFO     | nw_rag.logging_config:log_query_complete:109 - Query Complete | Confidence: 0.000 | Fallback: True | Sources: 0 | Total Time: 0.000s | Retrieval: 0.000s | Generation: 0.000s
2026-08-19 16:43:28.307 | INFO     | nw_rag.logging_config:log_system_event:138 - System Event: Application Shutting Down | Details: {}
2026-08-19 16:43:28.308 | INFO     | nw_rag.main:lifespan:31 - Aperture Science RAG API Shutting Down...
2026-08-19 16:43:29.092 | INFO     | nw_rag.core.retrieval:load_index:108 - Loaded index from ./faiss_index
2026-08-19 16:43:29.106 | INFO     | nw_rag.logging_config:log_system_event:138 - System Event: Application Starting | Details: {"version": "1.0.0", "environment": "development"}
2026-08-19 16:43:29.106 | INFO     | nw_rag.main:lifespan:23 - ============================================================
2026-08-19 16:43:29.106 | INFO     | nw_rag.main:lifespan:24 - Aperture Science RAG API Starting...
2026-08-19 16:43:29.107 | INFO     | nw_rag.main:lifespan:25 - ============================================================
2026-08-19 16:43:37.618 | INFO     | nw_rag.frontend.app:__init__:31 - Connected to RAG API
2026-08-19 16:43:49.946 | INFO     | nw_rag.logging_config:log_request:62 - API Request | RequestID: N/A | Question: How do I handle a weighted storage cube? | Stream: True
2026-08-19 16:43:49.948 | INFO     | nw_rag.logging_config:log_request:62 - API Request | RequestID: 2ef9cd97 | Question: How do I handle a weighted storage cube? | Stream: True
2026-08-19 16:43:49.948 | DEBUG    | nw_rag.api.routes:query_endpoint:58 - RequestID: 2ef9cd97 | Client: 127.0.0.1
2026-08-19 16:43:49.949 | DEBUG    | nw_rag.services.rag_engine:query:113 - Processing query | RequestID: 6ee8866f
2026-08-19 16:43:49.949 | INFO     | nw_rag.logging_config:log_request:62 - API Request | RequestID: 6ee8866f | Question: How do I handle a weighted storage cube? | Stream: False
2026-08-19 16:43:49.985 | DEBUG    | nw_rag.core.retrieval:retrieve:48 - Retrieved 3 documents for query: How do I handle a weighted storage cube?...
2026-08-19 16:43:49.985 | INFO     | nw_rag.logging_config:log_retrieval:71 - Retrieval | Query: How do I handle a weighted storage cube?... | Results: 3 | Time: 0.036s
2026-08-19 16:43:49.985 | DEBUG    | nw_rag.logging_config:log_retrieval:79 - Retrieval Result 1 | Source: ./docs/05_weighted_storage_cube.txt | Score: 0.481 | Content: # Aperture Science Weighted Storage Cube: Handling and Usage Guide

## Product Overview
The Weighted...
2026-08-19 16:43:49.985 | DEBUG    | nw_rag.logging_config:log_retrieval:79 - Retrieval Result 2 | Source: ./docs/05_weighted_storage_cube.txt | Score: 0.792 | Content: ## Usage Instructions

### Basic Operation
1. **Lifting**: Use both hands on designated grip points
...
2026-08-19 16:43:49.985 | DEBUG    | nw_rag.logging_config:log_retrieval:79 - Retrieval Result 3 | Source: ./docs/08_test_chamber_construction.txt | Score: 0.816 | Content: ## Special Considerations
- Keep companion cube access points open
- Ensure weight cubes are availab...
2026-08-19 16:43:52.153 | INFO     | nw_rag.logging_config:log_generation:89 - Generation | Query: How do I handle a weighted storage cube?... | Response Length: 563 chars | Time: 2.168s | Prompt Tokens: 353 | Completion Tokens: 119
2026-08-19 16:43:52.154 | INFO     | nw_rag.logging_config:log_query_complete:109 - Query Complete | Confidence: 0.481 | Fallback: False | Sources: 3 | Total Time: 2.205s | Retrieval: 0.036s | Generation: 2.168s
2026-08-19 16:43:52.154 | INFO     | nw_rag.logging_config:log_query_complete:109 - Query Complete | Confidence: 0.481 | Fallback: False | Sources: 3 | Total Time: 2.205s | Retrieval: 0.036s | Generation: 2.168s
2026-08-19 16:43:52.165 | INFO     | nw_rag.logging_config:log_generation:89 - Generation | Query: streaming... | Response Length: 563 chars | Time: 2.168s | Prompt Tokens: 353 | Completion Tokens: 119
2026-08-19 16:44:01.357 | INFO     | nw_rag.logging_config:log_request:62 - API Request | RequestID: N/A | Question: Tell me about GLaDOS | Stream: True
2026-08-19 16:44:01.360 | INFO     | nw_rag.logging_config:log_request:62 - API Request | RequestID: a510a41e | Question: Tell me about GLaDOS | Stream: True
2026-08-19 16:44:01.360 | DEBUG    | nw_rag.api.routes:query_endpoint:58 - RequestID: a510a41e | Client: 127.0.0.1
2026-08-19 16:44:01.360 | DEBUG    | nw_rag.services.rag_engine:query:113 - Processing query | RequestID: 834996fa
2026-08-19 16:44:01.360 | INFO     | nw_rag.logging_config:log_request:62 - API Request | RequestID: 834996fa | Question: Tell me about GLaDOS | Stream: False
2026-08-19 16:44:01.390 | DEBUG    | nw_rag.core.retrieval:retrieve:48 - Retrieved 3 documents for query: Tell me about GLaDOS...
2026-08-19 16:44:01.390 | INFO     | nw_rag.logging_config:log_retrieval:71 - Retrieval | Query: Tell me about GLaDOS... | Results: 3 | Time: 0.029s
2026-08-19 16:44:01.390 | DEBUG    | nw_rag.logging_config:log_retrieval:79 - Retrieval Result 1 | Source: ./docs/03_glados_ai_system.txt | Score: 0.486 | Content: # GLaDOS: Genetic Lifeform and Disk Operating System

## System Overview
GLaDOS is Aperture Science'...
2026-08-19 16:44:01.390 | DEBUG    | nw_rag.logging_config:log_retrieval:79 - Retrieval Result 2 | Source: ./docs/07_emergency_procedures.txt | Score: 0.726 | Content: ### Class 4: GLaDOS Malfunction
- **Response**: Proceed to emergency testing chamber
- **Alarm**: GL...
2026-08-19 16:44:01.390 | DEBUG    | nw_rag.logging_config:log_retrieval:79 - Retrieval Result 3 | Source: ./docs/10_cake_recipe_classified.txt | Score: 0.727 | Content: ---

## Important Notes
- Cake must be completed before GLaDOS review
- Do not accept cake from GLaD...
2026-08-19 16:44:06.330 | INFO     | nw_rag.logging_config:log_generation:89 - Generation | Query: Tell me about GLaDOS... | Response Length: 1263 chars | Time: 4.939s | Prompt Tokens: 394 | Completion Tokens: 275
2026-08-19 16:44:06.330 | INFO     | nw_rag.logging_config:log_query_complete:109 - Query Complete | Confidence: 0.486 | Fallback: False | Sources: 3 | Total Time: 4.970s | Retrieval: 0.029s | Generation: 4.939s
2026-08-19 16:44:06.330 | INFO     | nw_rag.logging_config:log_query_complete:109 - Query Complete | Confidence: 0.486 | Fallback: False | Sources: 3 | Total Time: 4.970s | Retrieval: 0.029s | Generation: 4.939s
2026-08-19 16:44:06.341 | INFO     | nw_rag.logging_config:log_generation:89 - Generation | Query: streaming... | Response Length: 1263 chars | Time: 4.939s | Prompt Tokens: 394 | Completion Tokens: 275
2026-08-19 16:44:20.043 | INFO     | nw_rag.logging_config:log_request:62 - API Request | RequestID: N/A | Question: What is the cake recipe? | Stream: True
2026-08-19 16:44:20.046 | INFO     | nw_rag.logging_config:log_request:62 - API Request | RequestID: 136b9a1d | Question: What is the cake recipe? | Stream: True
2026-08-19 16:44:20.046 | DEBUG    | nw_rag.api.routes:query_endpoint:58 - RequestID: 136b9a1d | Client: 127.0.0.1
2026-08-19 16:44:20.047 | DEBUG    | nw_rag.services.rag_engine:query:113 - Processing query | RequestID: df49cd17
2026-08-19 16:44:20.047 | INFO     | nw_rag.logging_config:log_request:62 - API Request | RequestID: df49cd17 | Question: What is the cake recipe? | Stream: False
2026-08-19 16:44:20.079 | DEBUG    | nw_rag.core.retrieval:retrieve:48 - Retrieved 3 documents for query: What is the cake recipe?...
2026-08-19 16:44:20.079 | INFO     | nw_rag.logging_config:log_retrieval:71 - Retrieval | Query: What is the cake recipe?... | Results: 3 | Time: 0.033s
2026-08-19 16:44:20.080 | DEBUG    | nw_rag.logging_config:log_retrieval:79 - Retrieval Result 1 | Source: ./docs/10_cake_recipe_classified.txt | Score: 0.585 | Content: ### Step 2: Dry Mix
1. In a large bowl, sift flour, sugar, cocoa powder, baking soda, baking powder,...
2026-08-19 16:44:20.080 | DEBUG    | nw_rag.logging_config:log_retrieval:79 - Retrieval Result 2 | Source: ./docs/10_cake_recipe_classified.txt | Score: 0.605 | Content: ### Frosting Ingredients
- 1 cup Heavy Cream
- 250g Dark Chocolate (70% cocoa)
- 0.5 cup Unsalted Bu...
2026-08-19 16:44:20.080 | DEBUG    | nw_rag.logging_config:log_retrieval:79 - Retrieval Result 3 | Source: ./docs/10_cake_recipe_classified.txt | Score: 0.618 | Content: # Aperture Science Classified Cake Recipe

## IMPORTANT NOTICE
This document is classified under Ape...
2026-08-19 16:44:24.100 | INFO     | nw_rag.logging_config:log_generation:89 - Generation | Query: What is the cake recipe?... | Response Length: 814 chars | Time: 4.020s | Prompt Tokens: 431 | Completion Tokens: 218
2026-08-19 16:44:24.100 | INFO     | nw_rag.logging_config:log_query_complete:109 - Query Complete | Confidence: 0.585 | Fallback: False | Sources: 3 | Total Time: 4.054s | Retrieval: 0.033s | Generation: 4.020s
2026-08-19 16:44:24.100 | INFO     | nw_rag.logging_config:log_query_complete:109 - Query Complete | Confidence: 0.585 | Fallback: False | Sources: 3 | Total Time: 4.054s | Retrieval: 0.033s | Generation: 4.020s
2026-08-19 16:44:24.110 | INFO     | nw_rag.logging_config:log_generation:89 - Generation | Query: streaming... | Response Length: 814 chars | Time: 4.020s | Prompt Tokens: 431 | Completion Tokens: 218
2026-08-19 16:44:49.487 | INFO     | nw_rag.logging_config:log_request:62 - API Request | RequestID: N/A | Question: What are the safety protocols? | Stream: True
2026-08-19 16:44:49.490 | INFO     | nw_rag.logging_config:log_request:62 - API Request | RequestID: 7cb00c6a | Question: What are the safety protocols? | Stream: True
2026-08-19 16:44:49.490 | DEBUG    | nw_rag.api.routes:query_endpoint:58 - RequestID: 7cb00c6a | Client: 127.0.0.1
2026-08-19 16:44:49.490 | DEBUG    | nw_rag.services.rag_engine:query:113 - Processing query | RequestID: bb623490
2026-08-19 16:44:49.490 | INFO     | nw_rag.logging_config:log_request:62 - API Request | RequestID: bb623490 | Question: What are the safety protocols? | Stream: False
2026-08-19 16:44:49.525 | DEBUG    | nw_rag.core.retrieval:retrieve:48 - Retrieved 3 documents for query: What are the safety protocols?...
2026-08-19 16:44:49.526 | INFO     | nw_rag.logging_config:log_retrieval:71 - Retrieval | Query: What are the safety protocols?... | Results: 3 | Time: 0.035s
2026-08-19 16:44:49.526 | DEBUG    | nw_rag.logging_config:log_retrieval:79 - Retrieval Result 1 | Source: ./docs/03_glados_ai_system.txt | Score: 0.596 | Content: ## Important Safety Protocols
- Morality Core must remain active at all times
- Regular core backup ...
2026-08-19 16:44:49.526 | DEBUG    | nw_rag.logging_config:log_retrieval:79 - Retrieval Result 2 | Source: ./docs/04_safety_protocols.txt | Score: 0.677 | Content: ## In-Test Safety Rules

### DO
- Follow AI instructions immediately
- Use portals strategically
- S...
2026-08-19 16:44:49.526 | DEBUG    | nw_rag.logging_config:log_retrieval:79 - Retrieval Result 3 | Source: ./docs/04_safety_protocols.txt | Score: 0.684 | Content: # Aperture Science Test Subject Safety Guidelines

## Introduction
Test subject safety is our top pr...
2026-08-19 16:44:51.975 | INFO     | nw_rag.logging_config:log_generation:89 - Generation | Query: What are the safety protocols?... | Response Length: 603 chars | Time: 2.449s | Prompt Tokens: 403 | Completion Tokens: 126
2026-08-19 16:44:51.976 | INFO     | nw_rag.logging_config:log_query_complete:109 - Query Complete | Confidence: 0.596 | Fallback: False | Sources: 3 | Total Time: 2.486s | Retrieval: 0.035s | Generation: 2.449s
2026-08-19 16:44:51.976 | INFO     | nw_rag.logging_config:log_query_complete:109 - Query Complete | Confidence: 0.596 | Fallback: False | Sources: 3 | Total Time: 2.486s | Retrieval: 0.035s | Generation: 2.449s
2026-08-19 16:44:51.982 | INFO     | nw_rag.logging_config:log_generation:89 - Generation | Query: streaming... | Response Length: 603 chars | Time: 2.449s | Prompt Tokens: 403 | Completion Tokens: 126
2026-08-19 16:44:58.351 | INFO     | nw_rag.logging_config:log_request:62 - API Request | RequestID: N/A | Question: What are the safety protocols for Google Mail? | Stream: True
2026-08-19 16:44:58.354 | INFO     | nw_rag.logging_config:log_request:62 - API Request | RequestID: 1d249361 | Question: What are the safety protocols for Google Mail? | Stream: True
2026-08-19 16:44:58.355 | DEBUG    | nw_rag.api.routes:query_endpoint:58 - RequestID: 1d249361 | Client: 127.0.0.1
2026-08-19 16:44:58.355 | DEBUG    | nw_rag.services.rag_engine:query:113 - Processing query | RequestID: c839c0e0
2026-08-19 16:44:58.355 | INFO     | nw_rag.logging_config:log_request:62 - API Request | RequestID: c839c0e0 | Question: What are the safety protocols for Google Mail? | Stream: False
2026-08-19 16:44:58.382 | DEBUG    | nw_rag.core.retrieval:retrieve:48 - Retrieved 3 documents for query: What are the safety protocols for Google Mail?...
2026-08-19 16:44:58.382 | INFO     | nw_rag.logging_config:log_retrieval:71 - Retrieval | Query: What are the safety protocols for Google Mail?... | Results: 3 | Time: 0.027s
2026-08-19 16:44:58.382 | DEBUG    | nw_rag.logging_config:log_retrieval:79 - Retrieval Result 1 | Source: ./docs/04_safety_protocols.txt | Score: 0.728 | Content: ## In-Test Safety Rules

### DO
- Follow AI instructions immediately
- Use portals strategically
- S...
2026-08-19 16:44:58.382 | DEBUG    | nw_rag.logging_config:log_retrieval:79 - Retrieval Result 2 | Source: ./docs/03_glados_ai_system.txt | Score: 0.747 | Content: ## Important Safety Protocols
- Morality Core must remain active at all times
- Regular core backup ...
2026-08-19 16:44:58.382 | DEBUG    | nw_rag.logging_config:log_retrieval:79 - Retrieval Result 3 | Source: ./docs/04_safety_protocols.txt | Score: 0.754 | Content: # Aperture Science Test Subject Safety Guidelines

## Introduction
Test subject safety is our top pr...
2026-08-19 16:44:59.657 | INFO     | nw_rag.logging_config:log_generation:89 - Generation | Query: What are the safety protocols for Google Mail?... | Response Length: 310 chars | Time: 1.275s | Prompt Tokens: 406 | Completion Tokens: 57
2026-08-19 16:44:59.658 | INFO     | nw_rag.logging_config:log_query_complete:109 - Query Complete | Confidence: 0.728 | Fallback: False | Sources: 3 | Total Time: 1.303s | Retrieval: 0.027s | Generation: 1.275s
2026-08-19 16:44:59.658 | INFO     | nw_rag.logging_config:log_query_complete:109 - Query Complete | Confidence: 0.728 | Fallback: False | Sources: 3 | Total Time: 1.303s | Retrieval: 0.027s | Generation: 1.275s
2026-08-19 16:44:59.662 | INFO     | nw_rag.logging_config:log_generation:89 - Generation | Query: streaming... | Response Length: 310 chars | Time: 1.275s | Prompt Tokens: 406 | Completion Tokens: 57
